// Jest Snapshot v1, https://goo.gl/fbAQLP

exports[`Component: App should render 1`] = `
<div
  class="app"
>
  <header
    class=""
  >
    <div
      class="container"
    >
      <h1>
        ADDRESS BOOK
      </h1>
    </div>
  </header>
</div>
`;
