// Jest Snapshot v1, https://goo.gl/fbAQLP

exports[`Component: Finder should render and call onChange function 1`] = `
<input
  autocomplete="nope"
  class=""
  placeholder="Start typing to filter by user..."
/>
`;
